---create shared object
$ gcc <LIBRARY_SRC_FILE>.c -shared -fPIC -o <LIB_MYSHARED>.so

---link against that shared object:
$ gcc ${SRC} -L/PATH/TO/DIR/WITH/SHARED_LIB/ -lMYSHARED

---embed path to library in executable:
$ gcc ${SRC} -Wl,-path=/PATH/TO/DIR/WITH/SHARED_LIB/ -L/PATH/TO/DIR/WITH/SHARED_LIB/ -lMY_SHARED

---debugging:
$ LD_DEBUG=libs       ./a.out
$ LD_DEBUG=bindings   ./a.out

---debugging; show linker script and library search path sucess/failure
$ gcc -o /dev/null -x c /dev/null -Wl,--verbose

---get the following error?
    ./a.out: error while loading shared libraries: libMY_SHARED.so: cannot open shared object file: No such file or directory

    Update ld cache (and confirm it was added with the "-p" option:
    # echo "/PATH/TO/DIR/WITH/SHARED_LIB/" > /etc/ld.so.conf.d/MY_SHARED.conf
    # ldconfig -v
    $ ldconfig -p
    
---display symbol information:
$ readelf --syms <ELF_FILE>
    
---display .rodata section:
$ readelf -p .rodata <ELF_FILE>

---display .interp section:
$ readelf -p .interp <ELF_FILE>

---display relocations:
$ readelf --relocs <OBJ_FILE>

---display all headers (with "wide" option to fit all on one line):
$ readelf -W -a <ELF_FILE>

---display file header:
$ readelf -h <ELF_FILE>

---display names of all sections:
$ readelf -W --sections <ELF_FILE>

---display .DYNAMIC section:
$ readelf -W --dynamic <ELF_FILE>

---display section-to-segment mapping:
$ readelf -W --segments <ELF_FILE>

==========================================================

---disassemble a section: 
$ objdump -d -M intel -sj .<SECTION> <ELF_FILE>

---display full contents of section:
$ objdump -s --section=.<SECTION> <ELF_FILE>

---disassemble shellcode (32-bit):
$ objdump -D -b binary -m i386 -M intel <SHELLCODE.BIN>

---disassemble shellcode (64-bit):
$ objdump -D -b binary -m i386 -M intel -M x86-64 <SHELLCODE.BIN>

---disassemble at start of address:
$ objdump -D -M intel --start-address=0x<ADDRESS> <ELF_FILE>

==========================================================

---extract embedded ELF file (just the header) out from file
------can then use readelf to parse the headers to get exact size of full file:
------SIZE = E_SHOFF + (E_SHNUM X E_SHENTSIZE)
# dd skip=XX count=YY if=FILE_IN of=FILE_OUT bs=1

==========================================================
---run ltrace and output the instruction pointer at place of library call
# ltrace -i <ELF_FILE>

---run ltrace and demangle function names
# ltrace -C <ELF_FILE>

---parse dynamic symbols and demangle: 
# nm -D --demanlge <ELF_FILE>

---demangle function name (individually):
# c++filt <MANGLED_FUNCTION_NAME>


---perl: generate long string:
$ perl -e 'print "A"x100'
